nohup: ignoring input
Generating 6048 scenarios...
Running with 5 parallel workers...
Skipping existing results
[251/6048] SUCCESS: 4-zone-rec-4 frl=0.2 (ETA: 0.0min)
[252/6048] SUCCESS: 4-zone-rec-4 frl=0.2 (ETA: 0.0min)
[253/6048] SUCCESS: 4-zone-rec-4 frl=0.2 (ETA: 0.0min)
[254/6048] SUCCESS: 4-zone-rec-4 frl=0.2 (ETA: 0.0min)
[255/6048] SUCCESS: 4-zone-rec-4 frl=0.2 (ETA: 0.0min)
[256/6048] SUCCESS: 4-zone-rec-4 frl=0.2 (ETA: 0.0min)
[257/6048] SUCCESS: 4-zone-rec-4 frl=0.2 (ETA: 0.0min)
[258/6048] SUCCESS: 4-zone-rec-4 frl=0.2 (ETA: 0.0min)
[259/6048] SUCCESS: 4-zone-rec-4 frl=0.2 (ETA: 0.0min)
[260/6048] SUCCESS: 4-zone-rec-4 frl=0.2 (ETA: 0.0min)
[261/6048] SUCCESS: 4-zone-rec-4 frl=0.2 (ETA: 0.0min)
[262/6048] SUCCESS: 4-zone-rec-4 frl=0.2 (ETA: 0.0min)
[263/6048] SUCCESS: 4-zone-rec-4 frl=0.2 (ETA: 0.0min)
[264/6048] SUCCESS: 4-zone-rec-4 frl=0.2 (ETA: 0.0min)
[265/6048] SUCCESS: 4-zone-rec-4 frl=0.2 (ETA: 0.0min)
[266/6048] SUCCESS: 4-zone-rec-4 frl=0.2 (ETA: 0.0min)
[267/6048] SUCCESS: 4-zone-rec-4 frl=0.2 (ETA: 0.0min)
[268/6048] SUCCESS: 4-zone-rec-4 frl=0.2 (ETA: 0.0min)
[269/6048] SUCCESS: 4-zone-rec-4 frl=0.2 (ETA: 0.0min)
[270/6048] SUCCESS: 4-zone-rec-4 frl=0.2 (ETA: 0.0min)
[271/6048] SUCCESS: 4-zone-rec-4 frl=0.2 (ETA: 0.0min)
[272/6048] SUCCESS: 4-zone-rec-4 frl=0.2 (ETA: 0.0min)
[273/6048] SUCCESS: 4-zone-rec-4 frl=0.2 (ETA: 0.0min)
[274/6048] SUCCESS: 4-zone-rec-4 frl=0.2 (ETA: 0.0min)
[275/6048] SUCCESS: 4-zone-rec-4 frl=0.2 (ETA: 0.0min)
[276/6048] SUCCESS: 4-zone-rec-4 frl=0.2 (ETA: 0.0min)
[277/6048] SUCCESS: 4-zone-rec-4 frl=0.2 (ETA: 0.0min)
[278/6048] SUCCESS: 4-zone-rec-4 frl=0.2 (ETA: 0.0min)
[279/6048] SUCCESS: 4-zone-rec-4 frl=0.2 (ETA: 0.0min)
[280/6048] SUCCESS: 4-zone-rec-4 frl=0.2 (ETA: 0.0min)
[281/6048] SUCCESS: 4-zone-rec-4 frl=0.2 (ETA: 0.0min)
[282/6048] SUCCESS: 4-zone-rec-4 frl=0.2 (ETA: 0.0min)
[283/6048] SUCCESS: 4-zone-rec-4 frl=0.2 (ETA: 0.0min)
[284/6048] SUCCESS: 4-zone-rec-4 frl=0.2 (ETA: 0.0min)
[285/6048] SUCCESS: 4-zone-rec-4 frl=0.2 (ETA: 0.0min)
[286/6048] SUCCESS: 4-zone-rec-4 frl=0.2 (ETA: 0.0min)
[287/6048] SUCCESS: 4-zone-rec-4 frl=0.2 (ETA: 0.0min)
[288/6048] SUCCESS: 4-zone-rec-4 frl=0.2 (ETA: 0.0min)
[289/6048] SUCCESS: 4-zone-rec-4 frl=0.2 (ETA: 0.0min)
[290/6048] SUCCESS: 4-zone-rec-4 frl=0.2 (ETA: 0.0min)
[291/6048] SUCCESS: 4-zone-rec-4 frl=0.2 (ETA: 0.0min)
[292/6048] SUCCESS: 4-zone-rec-4 frl=0.2 (ETA: 0.0min)
[293/6048] SUCCESS: 4-zone-rec-4 frl=0.2 (ETA: 0.0min)
[294/6048] SUCCESS: 4-zone-rec-4 frl=0.2 (ETA: 0.0min)
[295/6048] SUCCESS: 4-zone-rec-4 frl=0.2 (ETA: 0.0min)
[296/6048] SUCCESS: 4-zone-rec-4 frl=0.2 (ETA: 0.0min)
[297/6048] SUCCESS: 4-zone-rec-4 frl=0.2 (ETA: 0.0min)
[298/6048] SUCCESS: 4-zone-rec-4 frl=0.2 (ETA: 0.0min)
[299/6048] SUCCESS: 4-zone-rec-4 frl=0.2 (ETA: 0.0min)
