\BOOKMARK [1][-]{section.1}{\376\377\000M\000a\000i\000n\000\040\000I\000d\000e\000a}{}% 1
\BOOKMARK [1][-]{section.2}{\376\377\000B\000a\000s\000e\000\040\000S\000o\000l\000v\000e\000r\000s}{}% 2
\BOOKMARK [2][-]{subsection.2.1}{\376\377\000B\000o\000u\000n\000d\000a\000r\000y\000\040\000C\000o\000m\000p\000a\000c\000t\000n\000e\000s\000s\000\040\000\050\000O\000b\000j\000e\000c\000t\000i\000v\000e\000\040\000F\000u\000n\000c\000t\000i\000o\000n\000\051}{section.2}% 3
\BOOKMARK [2][-]{subsection.2.2}{\376\377\000C\000o\000n\000s\000t\000r\000a\000i\000n\000t\000s}{section.2}% 4
\BOOKMARK [3][-]{subsubsection.2.2.1}{\376\377\000C\000e\000n\000t\000r\000o\000i\000d\000\040\000a\000n\000d\000\040\000A\000n\000c\000h\000o\000r\000\040\000A\000l\000i\000g\000n\000m\000e\000n\000t}{subsection.2.2}% 5
\BOOKMARK [3][-]{subsubsection.2.2.2}{\376\377\000S\000c\000h\000o\000o\000l\000\040\000B\000a\000l\000a\000n\000c\000e}{subsection.2.2}% 6
\BOOKMARK [3][-]{subsubsection.2.2.3}{\376\377\000Z\000o\000n\000e\000\040\000C\000o\000n\000t\000i\000g\000u\000i\000t\000y}{subsection.2.2}% 7
\BOOKMARK [3][-]{subsubsection.2.2.4}{\376\377\000C\000a\000p\000a\000c\000i\000t\000y\000\040\000a\000n\000d\000\040\000E\000n\000r\000o\000l\000l\000m\000e\000n\000t\000\040\000T\000o\000l\000e\000r\000a\000n\000c\000e\000s}{subsection.2.2}% 8
\BOOKMARK [3][-]{subsubsection.2.2.5}{\376\377\000D\000e\000m\000o\000g\000r\000a\000p\000h\000i\000c\000\040\000D\000i\000v\000e\000r\000s\000i\000t\000y\000\040\000a\000n\000d\000\040\000S\000o\000c\000i\000o\000e\000c\000o\000n\000o\000m\000i\000c\000\040\000B\000a\000l\000a\000n\000c\000e}{subsection.2.2}% 9
\BOOKMARK [2][-]{subsection.2.3}{\376\377\000M\000a\000t\000h\000\040\000P\000r\000o\000g\000r\000a\000m\000m\000i\000n\000g}{section.2}% 10
\BOOKMARK [2][-]{subsection.2.4}{\376\377\000M\000C\000M\000C\000\040\000M\000o\000d\000e\000l\000s}{section.2}% 11
\BOOKMARK [3][-]{subsubsection.2.4.1}{\376\377\000R\000e\000C\000o\000m\000\040\000P\000r\000o\000p\000o\000s\000a\000l\000\040\000K\000e\000r\000n\000e\000l}{subsection.2.4}% 12
\BOOKMARK [3][-]{subsubsection.2.4.2}{\376\377\000S\000t\000a\000n\000d\000a\000r\000d\000\040\000R\000e\000C\000o\000m}{subsection.2.4}% 13
\BOOKMARK [3][-]{subsubsection.2.4.3}{\376\377\000R\000e\000l\000a\000x\000e\000d\000\040\000R\000e\000C\000o\000m}{subsection.2.4}% 14
\BOOKMARK [3][-]{subsubsection.2.4.4}{\376\377\000S\000h\000o\000r\000t\000\040\000B\000u\000r\000s\000t\000s}{subsection.2.4}% 15
\BOOKMARK [3][-]{subsubsection.2.4.5}{\376\377\000A\000d\000a\000p\000t\000i\000v\000e\000\040\000S\000h\000o\000r\000t\000\040\000B\000u\000r\000s\000t\000s}{subsection.2.4}% 16
\BOOKMARK [1][-]{section.3}{\376\377\000H\000i\000e\000r\000a\000r\000c\000h\000i\000c\000a\000l\000\040\000G\000r\000a\000p\000h\000\040\000C\000o\000n\000t\000r\000a\000c\000t\000i\000o\000n}{}% 17
\BOOKMARK [1][-]{section.4}{\376\377\000S\000t\000r\000a\000t\000e\000g\000i\000e\000s}{}% 18
\BOOKMARK [2][-]{subsection.4.1}{\376\377\000M\000u\000l\000t\000i\000l\000e\000v\000e\000l\000\040\000S\000t\000r\000a\000t\000e\000g\000y}{section.4}% 19
\BOOKMARK [1][-]{section.5}{\376\377\000C\000h\000o\000i\000c\000e\000\040\000S\000e\000t\000\040\000O\000p\000t\000i\000m\000i\000z\000a\000t\000i\000o\000n}{}% 20
\BOOKMARK [2][-]{subsection.5.1}{\376\377\000G\000a\000i\000n\000\040\000B\000o\000u\000n\000d}{section.5}% 21
\BOOKMARK [2][-]{subsection.5.2}{\376\377\000L\000o\000s\000s\000\040\000B\000o\000u\000n\000d}{section.5}% 22
\BOOKMARK [2][-]{subsection.5.3}{\376\377\000C\000o\000m\000b\000i\000n\000e\000d\000\040\000U\000p\000p\000e\000r\000\040\000B\000o\000u\000n\000d}{section.5}% 23
\BOOKMARK [2][-]{subsection.5.4}{\376\377\000L\000o\000g\000i\000c\000-\000B\000a\000s\000e\000d\000\040\000B\000e\000n\000d\000e\000r\000s\000\040\000D\000e\000c\000o\000m\000p\000o\000s\000i\000t\000i\000o\000n}{section.5}% 24
\BOOKMARK [1][-]{section.6}{\376\377\000B\000u\000d\000g\000e\000t\000\040\000S\000e\000t\000\040\000O\000p\000t\000i\000m\000i\000z\000a\000t\000i\000o\000n}{}% 25
\BOOKMARK [2][-]{subsection.6.1}{\376\377\000M\000a\000r\000k\000e\000t\000-\000C\000l\000e\000a\000r\000i\000n\000g\000\040\000C\000u\000t\000o\000f\000f\000\040\000\050\000M\000I\000D\000\051\000\040\000O\000p\000t\000i\000m\000i\000z\000a\000t\000i\000o\000n}{section.6}% 26
\BOOKMARK [2][-]{subsection.6.2}{\376\377\000S\000a\000m\000p\000l\000e\000\040\000A\000v\000e\000r\000a\000g\000e\000\040\000A\000p\000p\000r\000o\000x\000i\000m\000a\000t\000i\000o\000n\000\040\000\050\000S\000A\000A\000\051}{section.6}% 27
\BOOKMARK [1][-]{appendix.A}{\376\377\000E\000x\000t\000e\000n\000d\000e\000d\000\040\000D\000e\000m\000o\000g\000r\000a\000p\000h\000i\000c\000\040\000D\000i\000v\000e\000r\000s\000i\000t\000y\000\040\000C\000o\000n\000s\000t\000r\000a\000i\000n\000t\000s}{}% 28
